[INFO] Scanning for projects...
[INFO] 
[INFO] ----------------------< com.example:inka_backend >----------------------
[INFO] Building inka_backend 0.0.1-SNAPSHOT
[INFO]   from pom.xml
[INFO] --------------------------------[ jar ]---------------------------------
[INFO] 
[INFO] --- resources:3.3.1:resources (default-resources) @ inka_backend ---
[INFO] Copying 1 resource from src\main\resources to target\classes
[INFO] Copying 1 resource from src\main\resources to target\classes
[INFO] 
[INFO] --- compiler:3.14.1:compile (default-compile) @ inka_backend ---
[INFO] Recompiling the module because of changed source code.
[INFO] Compiling 17 source files with javac [debug parameters release 21] to target\classes
.\mvnw : WARNING: A 
terminally deprecated 
method in 
sun.misc.Unsafe has 
been called
At line:1 char:1
+ .\mvnw compile > 
compile_errors.log 
2>&1
+ ~~~~~~~~~~~~~~~~~~~~
~~~~~~~~~~~~~~~~~~~~
    + CategoryInfo    
          : NotSpeci  
  fied: (WARNING: A   
  term...has been     
called:String) []    
, RemoteException
    + FullyQualifiedE 
   rrorId : NativeCo  
  mmandError
 
WARNING: sun.misc.Unsa
fe::objectFieldOffset 
has been called by 
lombok.permit.Permit
WARNING: Please 
consider reporting 
this to the 
maintainers of class 
lombok.permit.Permit
WARNING: sun.misc.Unsa
fe::objectFieldOffset 
will be removed in a 
future release
[INFO] -------------------------------------------------------------
[ERROR] COMPILATION ERROR : 
[INFO] -------------------------------------------------------------
[ERROR] /C:/A/Studies/Y2S2/project/inka_clothing_ecommerce_store/inka_backend/src/main/java/com/example/inka_backend/service/CategoryService.java:[28,35] cannot find symbol
  symbol:   method getCategoryId()
  location: variable category of type com.example.inka_backend.model.Category
[ERROR] /C:/A/Studies/Y2S2/project/inka_clothing_ecommerce_store/inka_backend/src/main/java/com/example/inka_backend/service/ProductService.java:[50,48] cannot find symbol
  symbol:   method getCategoryId()
  location: class com.example.inka_backend.model.Category
[INFO] 2 errors 
[INFO] -------------------------------------------------------------
[INFO] ------------------------------------------------------------------------
[INFO] BUILD FAILURE
[INFO] ------------------------------------------------------------------------
[INFO] Total time:  4.832 s
[INFO] Finished at: 2026-03-03T06:59:00+05:30
[INFO] ------------------------------------------------------------------------
[ERROR] Failed to execute goal org.apache.maven.plugins:maven-compiler-plugin:3.14.1:compile (default-compile) on project inka_backend: Compilation failure: Compilation failure: 
[ERROR] /C:/A/Studies/Y2S2/project/inka_clothing_ecommerce_store/inka_backend/src/main/java/com/example/inka_backend/service/CategoryService.java:[28,35] cannot find symbol
[ERROR]   symbol:   method getCategoryId()
[ERROR]   location: variable category of type com.example.inka_backend.model.Category
[ERROR] /C:/A/Studies/Y2S2/project/inka_clothing_ecommerce_store/inka_backend/src/main/java/com/example/inka_backend/service/ProductService.java:[50,48] cannot find symbol
[ERROR]   symbol:   method getCategoryId()
[ERROR]   location: class com.example.inka_backend.model.Category
[ERROR] -> [Help 1]
[ERROR] 
[ERROR] To see the full stack trace of the errors, re-run Maven with the -e switch.
[ERROR] Re-run Maven using the -X switch to enable full debug logging.
[ERROR] 
[ERROR] For more information about the errors and possible solutions, please read the following articles:
[ERROR] [Help 1] http://cwiki.apache.org/confluence/display/MAVEN/MojoFailureException
